
> sber-atlas@0.1.0 prebuild
> node scripts/ensure-apple-silicon.mjs && node scripts/prepare-map.mjs

Apple Silicon check: ARM64 Node and native dependencies only.

> sber-atlas@0.1.0 build
> next build

▲ Next.js 16.3.4 (Turbopack)
- Environments: .env.local
✓ Running next.config.ts took 26ms

  Creating an optimized production build ...
✓ Compiled successfully in 7.7s
  Running TypeScript ...
  Finished TypeScript in 6.1s ...
  Collecting page data using 9 workers ...
  Generating static pages using 9 workers (0/6) ...
  Generating static pages using 9 workers (1/6) 
  Generating static pages using 9 workers (2/6) 
  Generating static pages using 9 workers (4/6) 
✓ Generating static pages using 9 workers (6/6) in 694ms
Turbopack build encountered 1 warning:
./src/lib/client-address-import.ts:30:17
Warning: Dynamic filesystem access causes tracing of the whole project
  [90m28 |[0m ...[33mTHON[0m||[32m'python3'[0m;
  [90m29 |[0m ...eaders:unknown[];rows:unknown[][]}>((resolve,reject)=>{
[33m[1m>[0m [90m30 |[0m ...th([32m'scripts'[0m,[32m'parse_client_addresses.py'[0m),extension.slice([35m1[0m)],{cwd:appRoot,stdio:[[32m'pipe.[0m.[32m.[0m
  [90m   |[0m    [33m[1m^^^^^^^^^^^^^^^^^^^^^^^^^^^^^^^^^^^^^^^^^^^^^^^^^^^^^^^^^^^^^^^^^^^^^^^^^^^^^^^^^^^^^^^^^^[0m
  [90m31 |[0m ...[36mnst[0m timer=setTimeout(()=>{child.kill();reject([36mnew[0m [33mError[0m([32m'Чтение файла заняло слишком мн...[0m
  [90m32 |[0m ...stdout+=[33mString[0m(chunk);[36mif[0m(stdout.length>[35m12[0m*[35m1024[0m*[35m1024[0m){overflow=[36mtrue[0m;child.kill();}});
  [90m33 |[0m ...[90mlude uploaded client records in server logs.[0m

Static analysis determined that this filesystem access causes the whole project to be traced and included in the output.
This is usually unintentional and leads to all source files (including the public folder) to be deployed as part of the server code.
This can slow down deployments or lead to failures when size limits are exceeded.
To resolve this, you can
- make sure the path is statically scoped to some subfolder, for example path.join(process.cwd(), 'data', bar), or
- only use them in development, or
- opt out by adding an ignore comment to the highlighted call: child_process.spawn(/*turbopackIgnore: true*/ ...), or
- remove them.

Import traces:
  #1 [App Route]:
    ./src/lib/client-address-import.ts
    ./src/app/api/[...path]/route.ts

  #2 [App Route]:
    ./src/lib/client-address-import.ts
    ./src/app/api/client-addresses/route.ts


  Finalizing page optimization ...

Route (app)
┌ ƒ /
├ ○ /_not-found
├ ƒ /api/[...path]
├ ƒ /api/client-addresses
├ ƒ /api/client-map
├ ƒ /dossier/[id]
└ ○ /scenes


○  (Static)   prerendered as static content
ƒ  (Dynamic)  server-rendered on demand

